kubectl datadog dashboard · ctx kind-ddtui · ns datadog · k8s v1.35.1 · plugin v1.22.0-test · provider none
  operator not found · refreshed 12:00:00
┌─ DatadogAgent datadog/datadog-agent · age 4d3h ──────────────────────────────────────────────────────────────────────┐
│                                                                                                                      │
│ ✗ Error · agents 12/12 ready · 12/12 up-to-date · 0 unavailable · rollout ██████████ 100% Rolling                    │
│                                                                                                                      │
│                                    READY  UPD  UNAV  ROLLOUT                                                         │
│ ✗ DDA datadog-agent                                                                                                  │
│ ├─ ✓ DDAI datadog-agent (default)                                                                                    │
│ │  ├─ ✓ agent datadog-agent-agent    3/3  3/3     0  ██████████ 100% Complete (RollingUpdate)                        │
│ │  ├─ – DCA not enabled                                                                                              │
│ │  ├─ – CCR not enabled                                                                                              │
│ │  └─ – OTel not enabled                                                                                             │
│ ├─ ✓ DAP datadog/beta · valid ✓ applied ✓                                                                            │
│ │  └─ ✓ DDAI beta                                                                                                    │
│ │     └─ ✓ agent beta-agent          5/5  5/5     0  ██████████ 100% Complete (RollingUpdate)                        │
│ ├─ ✓ DAP datadog/gamma · valid ✓ applied ✓                                                                           │
│ │  └─ ✓ DDAI gamma                                                                                                   │
│ │     └─ ✓ agent gamma-agent         2/2  2/2     0  ██████████ 100% Complete (RollingUpdate)                        │
│ ├─ ✓ DAP datadog/zeta · valid ✓ applied ✓                                                                            │
│ │  └─ ✓ DDAI zeta                                                                                                    │
│ │     └─ ✓ agent zeta-agent          2/2  2/2     0  ██████████ 100% Complete (RollingUpdate)                        │
│ ├─ ✗ DAP datadog/broken · valid ✓ applied ✓                                                                          │
│ │  └─ ✗ DDAI broken                                                                                                  │
│ │     └─ ✓ agent broken-agent        0/0  0/0     0  ██████████ 100% Complete (RollingUpdate)                        │
│ ├─ ↻ DAP datadog/rolling · valid ✓ applied ✓                                                                         │
│ │  └─ ↻ DDAI rolling                                                                                                 │
│ │     └─ ↻ agent rolling-agent       0/0  0/0     0  ██████████ 100% Rolling (RollingUpdate)                         │
│ ├─ ⚠ DAP datadog/conflict · valid ✓ applied ✗                                                                        │
│ │  └─ – no DDAI                                                                                                      │
│ ├─ ? DAP datadog/nostatus · status unknown (profiles controller not running?)                                        │
│ │  └─ – no DDAI                                                                                                      │
│ ├─ ? DAP datadog/pending · valid ✓ applied ✓                                                                         │
│ │  └─ ? DDAI pending                                                                                                 │
│ │     └─ – agent none                                                                                                │
│ └─ – 2 profiles hidden (0 desired) · --hide-empty                                                                    │
│                                                                                                                      │
│ ✗ Error  DDAI broken  AgentReconcile=False (AgentReconcileError): failed to update DaemonSet broken-agent: admissio… │
│ ⚠ Warn   DAP conflict  Applied=False (Conflict): conflict with existing profile beta                                 │
│ • Info   DDA datadog-agent  DatadogAgentReconcileSuccess (ReconcileSucceeded)                                        │
└──────────────────────────────────────────────────────────────────────────────────────────────────────────────────────┘
█ updated+ready  ▒ updated, not ready  ░ not updated   % = updated+ready / desired
