kubectl datadog dashboard · ctx kind-ddtui · ns datadog · k8s v1.35.1
  plugin v1.22.0-test · provider none · operator not found · refreshed 12:00:00
┌─ DatadogAgent datadog/datadog-agent · age 4d3h ──────────────────────────────┐
│                                                                              │
│ ✗ Error · agents 3/5 ready · 2/5 up-to-date · 2 unavailable                  │
│   rollout ▒▒▒▒░░░░░░   0% Failed 120m · last progress 59m ago                │
│   deadline 49m ago                                                           │
│   experiment running exp-42 (65m)                                            │
│                                                                              │
│                                    READY  UPD  UNAV  ROLLOUT                 │
│ ✗ DDA datadog-agent                                                          │
│ ├─ ✗ DDAI datadog-agent (default)                                            │
│ │  ├─ ⚠ agent datadog-agent-agent    2/3  1/3     1  ▒░░░░   0% Stalled 60m  │
│ │  │     ✗ pod datadog-agent-agent-a1 on worker-1: CrashLoopBackOff          │
│ │  ├─ ✗ DCA datadog-agent-cluste…    2/2  1/2     1  ▒▒░░░   0% Failed 60m   │
│ │  │     ✗ pod datadog-agent-cluster-agent-77aa-x1: ImagePullBackOff         │
│ │  ├─ – CCR not enabled                                                      │
│ │  └─ – OTel not enabled                                                     │
│ └─ ↻ DAP datadog/legacy-nodes · valid ✓ applied ✓                            │
│    └─ ↻ DDAI legacy-nodes                                                    │
│       └─ ↻ agent legacy-nodes-ag…    1/2  1/2     1  ▒▒░░░   0% Rolling 120m │
│             ✗ pod legacy-nodes-agent-z9: Unschedulable                       │
│                                                                              │
│ ✗ Error  Deploy datadog-agent-cluster-agent  Rollout (Failed): ProgressDead… │
│ ⚠ Warn   DS datadog-agent-agent  Rollout (Stalled): NoProgress: 1 pod Crash… │
│ • Info   Deploy datadog-agent-cluster-agent  Progressing=False (ProgressDea… │
└──────────────────────────────────────────────────────────────────────────────┘
█ updated+ready  ▒ updated, not ready  ░ not updated   % = updated+ready/desired
