[1mkubectl datadog dashboard[m[2m · [m[2mctx[m kind-ddtui[2m · [m[2mns[m datadog[2m · [m[2mk8s[m v1.35.1
  [2mplugin[m v1.22.0-test[2m · [m[2mprovider[m none[2m · [m[2moperator[m [2mnot found[m[2m · [m[2mrefreshed[m 12:00:00
┌─ [1mDatadogAgent datadog/datadog-agent[m[2m · [m[2mage[m 4d3h ──────────────────────────────┐
│                                                                              │
│ [1;31m✗ Error[m[2m · [m[2magents[m 12/12 ready[2m · [m12/12 up-to-date[2m · [m0 unavailable              │
│   [2mrollout[m [32m██████████[m 100% [36mRolling[m                                            │
│                                                                              │
│ [2m                                   READY  UPD  UNAV  ROLLOUT[m                 │
│ [1;31m✗[m [2mDDA[m datadog-agent                                                          │
│ ├─ [32m✓[m [2mDDAI[m datadog-agent (default)                                            │
│ │  ├─ [32m✓[m [2magent[m datadog-agent-agent    3/3  3/3     0  [32m█████████[m 100% [32mComplete[m │
│ │  ├─ [2m– DCA not enabled[m                                                      │
│ │  ├─ [2m– CCR not enabled[m                                                      │
│ │  └─ [2m– OTel not enabled[m                                                     │
│ ├─ [32m✓[m [2mDAP[m datadog/beta[2m · [mvalid [32m✓[m applied [32m✓[m                                    │
│ │  └─ [32m✓[m [2mDDAI[m beta                                                            │
│ │     └─ [32m✓[m [2magent[m beta-agent          5/5  5/5     0  [32m█████████[m 100% [32mComplete[m │
│ ├─ [33m⚠[m [2mDAP[m datadog/conflict[2m · [mvalid [32m✓[m applied [1;31m✗[m                                │
│ │  └─ [2m– no DDAI[m                                                              │
│ ├─ [32m✓[m [2mDAP[m datadog/gamma[2m · [mvalid [32m✓[m applied [32m✓[m                                   │
│ │  └─ [32m✓[m [2mDDAI[m gamma                                                           │
│ │     └─ [32m✓[m [2magent[m gamma-agent         2/2  2/2     0  [32m█████████[m 100% [32mComplete[m │
│ ├─ [2m?[m [2mDAP[m datadog/nostatus[2m · [m[2mstatus unknown (profiles controller not running…[m │
│ │  └─ [2m– no DDAI[m                                                              │
│ ├─ [2m?[m [2mDAP[m datadog/pending[2m · [mvalid [32m✓[m applied [32m✓[m                                 │
│ │  └─ [2m?[m [2mDDAI[m pending                                                         │
│ │     └─ [2m– agent none[m                                                        │
│ ├─ [36m↻[m [2mDAP[m datadog/rolling[2m · [mvalid [32m✓[m applied [32m✓[m                                 │
│ │  └─ [36m↻[m [2mDDAI[m rolling                                                         │
│ │     └─ [36m↻[m [2magent[m rolling-agent       0/0  0/0     0  [32m█████████[m 100% [36mRolling[m  │
│ ├─ [32m✓[m [2mDAP[m datadog/zeta[2m · [mvalid [32m✓[m applied [32m✓[m                                    │
│ │  └─ [32m✓[m [2mDDAI[m zeta                                                            │
│ │     └─ [32m✓[m [2magent[m zeta-agent          2/2  2/2     0  [32m█████████[m 100% [32mComplete[m │
│ └─ [2m– 3 hidden: 2 no warnings · 1 with warnings · --hide-empty-force[m          │
│                                                                              │
│ [33m⚠ Warn [m  [2mDAP[m conflict  Applied=False (Conflict): conflict with existing pro… │
│ [2m• Info [m  [2mDDA[m datadog-agent  DatadogAgentReconcileSuccess (ReconcileSucceede… │
└──────────────────────────────────────────────────────────────────────────────┘
[2m█ updated+ready  ▒ updated, not ready  ░ not updated   % = updated+ready/desired[m
